testing output
0.4.3+commit.bff19ea
